{"choices": [{"message": {"content": "Hi \u2014 how can I help you today?"}}]}
